../Core/Src/main.c:74:5:UART_Transmit	24	static
../Core/Src/main.c:84:6:HAL_UART_TxCpltCallback	24	static
../Core/Src/main.c:93:6:printMessages	8	static
../Core/Src/main.c:101:6:printMessages2	8	static
../Core/Src/main.c:123:6:ledTask	8	static
../Core/Src/main.c:139:6:ledStart	16	static
../Core/Src/main.c:145:6:ledStop	8	static
../Core/Src/main.c:163:6:HAL_UART_RxCpltCallback	16	static
../Core/Src/main.c:195:5:commTask	8	static
../Core/Src/main.c:218:6:handleCommand	40	static
../Core/Src/main.c:247:5:_write	24	static
../Core/Src/main.c:259:5:main	8	static
../Core/Src/main.c:317:6:SystemClock_Config	96	static
../Core/Src/main.c:367:13:MX_TIM6_Init	24	static
../Core/Src/main.c:405:13:MX_USART2_UART_Init	8	static
../Core/Src/main.c:440:13:MX_GPIO_Init	48	static
../Core/Src/main.c:480:6:Error_Handler	4	static,ignoring_inline_asm
