../Core/Src/main.c:67:6:HAL_TIM_PeriodElapsedCallback	16	static
../Core/Src/main.c:92:6:HAL_GPIO_EXTI_Callback	16	static
../Core/Src/main.c:161:5:commTask	16	static
../Core/Src/main.c:210:6:handleCommand	40	static
../Core/Src/main.c:268:5:_write	24	static
../Core/Src/main.c:280:5:main	8	static
../Core/Src/main.c:339:6:SystemClock_Config	96	static
../Core/Src/main.c:389:13:MX_TIM6_Init	24	static
../Core/Src/main.c:427:13:MX_USART2_UART_Init	8	static
../Core/Src/main.c:462:13:MX_GPIO_Init	48	static
../Core/Src/main.c:502:6:Error_Handler	4	static,ignoring_inline_asm
