../Core/Src/main.c:66:6:HAL_GPIO_EXTI_Callback	16	static
../Core/Src/main.c:78:6:HAL_TIM_PeriodElapsedCallback	16	static
../Core/Src/main.c:82:6:HAL_TIM_PWM_PulseFinishedCallback	16	static
../Core/Src/main.c:92:5:main	8	static
../Core/Src/main.c:145:6:SystemClock_Config	96	static
../Core/Src/main.c:195:13:MX_TIM4_Init	64	static
../Core/Src/main.c:253:13:MX_USART2_UART_Init	8	static
../Core/Src/main.c:288:13:MX_GPIO_Init	48	static
../Core/Src/main.c:334:6:Error_Handler	4	static,ignoring_inline_asm
