../Core/Src/main.c:68:6:HAL_GPIO_EXTI_Callback	16	static
../Core/Src/main.c:88:6:HAL_TIM_PeriodElapsedCallback	16	static
../Core/Src/main.c:103:6:HAL_TIM_PWM_PulseFinishedCallback	16	static
../Core/Src/main.c:112:5:main	8	static
../Core/Src/main.c:162:6:SystemClock_Config	96	static
../Core/Src/main.c:212:13:MX_TIM3_Init	48	static
../Core/Src/main.c:261:13:MX_TIM6_Init	24	static
../Core/Src/main.c:299:13:MX_USART2_UART_Init	8	static
../Core/Src/main.c:334:13:MX_GPIO_Init	48	static
../Core/Src/main.c:380:6:Error_Handler	4	static,ignoring_inline_asm
