../Core/Src/main.c:68:5:_write	24	static
../Core/Src/main.c:73:6:BtnCounter	8	static
../Core/Src/main.c:90:6:HAL_TIM_PeriodElapsedCallback	16	static
../Core/Src/main.c:95:6:ledTask	8	static
../Core/Src/main.c:102:6:ledStart	16	static
../Core/Src/main.c:111:6:ledStop	8	static
../Core/Src/main.c:127:5:commTask	16	static
../Core/Src/main.c:165:6:handleCommand	40	static
../Core/Src/main.c:198:5:main	8	static
../Core/Src/main.c:251:6:SystemClock_Config	96	static
../Core/Src/main.c:301:13:MX_TIM6_Init	24	static
../Core/Src/main.c:339:13:MX_USART2_UART_Init	8	static
../Core/Src/main.c:374:13:MX_GPIO_Init	48	static
../Core/Src/main.c:414:6:Error_Handler	4	static,ignoring_inline_asm
