18:30:16 **** Incremental Build of configuration Debug for project FlashLight ****
make -j12 all 
arm-none-eabi-gcc "../Core/Src/main.c" -mcpu=cortex-m4 -std=gnu11 -g3 -DDEBUG -DUSE_HAL_DRIVER -DSTM32L476xx -c -I../Core/Inc -I../Drivers/STM32L4xx_HAL_Driver/Inc -I../Drivers/STM32L4xx_HAL_Driver/Inc/Legacy -I../Drivers/CMSIS/Device/ST/STM32L4xx/Include -I../Drivers/CMSIS/Include -O0 -ffunction-sections -fdata-sections -Wall -fstack-usage -MMD -MP -MF"Core/Src/main.d" -MT"Core/Src/main.o" --specs=nano.specs -mfpu=fpv4-sp-d16 -mfloat-abi=hard -mthumb -o "Core/Src/main.o"
arm-none-eabi-gcc -o "FlashLight.elf" @"objects.list"   -mcpu=cortex-m4 -T"C:\Users\student\STM32CubeIDE\workspace_1.9.0\FlashLight\STM32L476RGTX_FLASH.ld" --specs=nosys.specs -Wl,-Map="FlashLight.map" -Wl,--gc-sections -static --specs=nano.specs -mfpu=fpv4-sp-d16 -mfloat-abi=hard -mthumb -Wl,--start-group -lc -lm -Wl,--end-group
Finished building target: FlashLight.elf
 
arm-none-eabi-size   FlashLight.elf 
arm-none-eabi-objdump -h -S  FlashLight.elf  > "FlashLight.list"
   text	   data	    bss	    dec	    hex	filename
  24868	    120	   1952	  26940	   693c	FlashLight.elf
Finished building: default.size.stdout
 
Finished building: FlashLight.list
 

18:30:17 Build Finished. 0 errors, 0 warnings. (took 1s.140ms)

