19:15:55 **** Incremental Build of configuration Debug for project All ****
make -j12 all 
arm-none-eabi-gcc "../Core/Src/Dht11.c" -mcpu=cortex-m4 -std=gnu11 -g3 -DDEBUG -DUSE_HAL_DRIVER -DSTM32L476xx -c -I../Core/Inc -I../Drivers/STM32L4xx_HAL_Driver/Inc -I../Drivers/STM32L4xx_HAL_Driver/Inc/Legacy -I../Drivers/CMSIS/Device/ST/STM32L4xx/Include -I../Drivers/CMSIS/Include -O0 -ffunction-sections -fdata-sections -Wall -fstack-usage -MMD -MP -MF"Core/Src/Dht11.d" -MT"Core/Src/Dht11.o" --specs=nano.specs -mfpu=fpv4-sp-d16 -mfloat-abi=hard -mthumb -o "Core/Src/Dht11.o"
../Core/Src/Dht11.c:147:16: warning: 'getDHT11Status' defined but not used [-Wunused-function]
  147 | static uint8_t getDHT11Status(Dht11 *dht)
      |                ^~~~~~~~~~~~~~
arm-none-eabi-gcc -o "All.elf" @"objects.list"   -mcpu=cortex-m4 -T"C:\Users\student\STM32CubeIDE\workspace_1.9.0\All\STM32L476RGTX_FLASH.ld" --specs=nosys.specs -Wl,-Map="All.map" -Wl,--gc-sections -static --specs=nano.specs -mfpu=fpv4-sp-d16 -mfloat-abi=hard -mthumb -Wl,--start-group -lc -lm -Wl,--end-group
Finished building target: All.elf
 
arm-none-eabi-size   All.elf 
arm-none-eabi-objdump -h -S  All.elf  > "All.list"
   text	   data	    bss	    dec	    hex	filename
  26204	    120	   2432	  28756	   7054	All.elf
Finished building: default.size.stdout
 
Finished building: All.list
 
19:19:34 **** Incremental Build of configuration Debug for project All ****
make -j12 all 
arm-none-eabi-gcc "../Core/Src/Dht11.c" -mcpu=cortex-m4 -std=gnu11 -g3 -DDEBUG -DUSE_HAL_DRIVER -DSTM32L476xx -c -I../Core/Inc -I../Drivers/STM32L4xx_HAL_Driver/Inc -I../Drivers/STM32L4xx_HAL_Driver/Inc/Legacy -I../Drivers/CMSIS/Device/ST/STM32L4xx/Include -I../Drivers/CMSIS/Include -O0 -ffunction-sections -fdata-sections -Wall -fstack-usage -MMD -MP -MF"Core/Src/Dht11.d" -MT"Core/Src/Dht11.o" --specs=nano.specs -mfpu=fpv4-sp-d16 -mfloat-abi=hard -mthumb -o "Core/Src/Dht11.o"
../Core/Src/Dht11.c:126:16: warning: 'getDHT11Status' defined but not used [-Wunused-function]
  126 | static uint8_t getDHT11Status(Dht11 *dht)
      |                ^~~~~~~~~~~~~~
arm-none-eabi-gcc -o "All.elf" @"objects.list"   -mcpu=cortex-m4 -T"C:\Users\student\STM32CubeIDE\workspace_1.9.0\All\STM32L476RGTX_FLASH.ld" --specs=nosys.specs -Wl,-Map="All.map" -Wl,--gc-sections -static --specs=nano.specs -mfpu=fpv4-sp-d16 -mfloat-abi=hard -mthumb -Wl,--start-group -lc -lm -Wl,--end-group
Finished building target: All.elf
 
arm-none-eabi-size   All.elf 
arm-none-eabi-objdump -h -S  All.elf  > "All.list"
   text	   data	    bss	    dec	    hex	filename
  26204	    120	   2432	  28756	   7054	All.elf
Finished building: default.size.stdout
 
Finished building: All.list
 
19:23:28 **** Incremental Build of configuration Debug for project All ****
make -j12 all 
arm-none-eabi-gcc "../Core/Src/Dht11.c" -mcpu=cortex-m4 -std=gnu11 -g3 -DDEBUG -DUSE_HAL_DRIVER -DSTM32L476xx -c -I../Core/Inc -I../Drivers/STM32L4xx_HAL_Driver/Inc -I../Drivers/STM32L4xx_HAL_Driver/Inc/Legacy -I../Drivers/CMSIS/Device/ST/STM32L4xx/Include -I../Drivers/CMSIS/Include -O0 -ffunction-sections -fdata-sections -Wall -fstack-usage -MMD -MP -MF"Core/Src/Dht11.d" -MT"Core/Src/Dht11.o" --specs=nano.specs -mfpu=fpv4-sp-d16 -mfloat-abi=hard -mthumb -o "Core/Src/Dht11.o"
arm-none-eabi-gcc "../Core/Src/MyMain.c" -mcpu=cortex-m4 -std=gnu11 -g3 -DDEBUG -DUSE_HAL_DRIVER -DSTM32L476xx -c -I../Core/Inc -I../Drivers/STM32L4xx_HAL_Driver/Inc -I../Drivers/STM32L4xx_HAL_Driver/Inc/Legacy -I../Drivers/CMSIS/Device/ST/STM32L4xx/Include -I../Drivers/CMSIS/Include -O0 -ffunction-sections -fdata-sections -Wall -fstack-usage -MMD -MP -MF"Core/Src/MyMain.d" -MT"Core/Src/MyMain.o" --specs=nano.specs -mfpu=fpv4-sp-d16 -mfloat-abi=hard -mthumb -o "Core/Src/MyMain.o"
../Core/Src/MyMain.c: In function 'myMain':
../Core/Src/MyMain.c:149:2: warning: implicit declaration of function 'printf' [-Wimplicit-function-declaration]
  149 |  printf("humidity = %d.%d temperature = %d.%d\r\n",
      |  ^~~~~~
../Core/Src/MyMain.c:149:2: warning: incompatible implicit declaration of built-in function 'printf'
../Core/Src/MyMain.c:15:1: note: include '<stdio.h>' or provide a declaration of 'printf'
   14 | #include "Dht11.h"
  +++ |+#include <stdio.h>
   15 | 
../Core/Src/Dht11.c:130:16: warning: 'getDHT11Status' defined but not used [-Wunused-function]
  130 | static uint8_t getDHT11Status(Dht11 *dht)
      |                ^~~~~~~~~~~~~~
arm-none-eabi-gcc -o "All.elf" @"objects.list"   -mcpu=cortex-m4 -T"C:\Users\student\STM32CubeIDE\workspace_1.9.0\All\STM32L476RGTX_FLASH.ld" --specs=nosys.specs -Wl,-Map="All.map" -Wl,--gc-sections -static --specs=nano.specs -mfpu=fpv4-sp-d16 -mfloat-abi=hard -mthumb -Wl,--start-group -lc -lm -Wl,--end-group
Finished building target: All.elf
 
arm-none-eabi-size   All.elf 
arm-none-eabi-objdump -h -S  All.elf  > "All.list"
   text	   data	    bss	    dec	    hex	filename
  26216	    120	   2432	  28768	   7060	All.elf
Finished building: default.size.stdout
 
Finished building: All.list
 
19:24:24 **** Incremental Build of configuration Debug for project All ****
make -j12 all 
arm-none-eabi-size   All.elf 
   text	   data	    bss	    dec	    hex	filename
  26216	    120	   2432	  28768	   7060	All.elf
Finished building: default.size.stdout
 
19:25:05 **** Incremental Build of configuration Debug for project All ****
make -j12 all 
arm-none-eabi-size   All.elf 
   text	   data	    bss	    dec	    hex	filename
  26216	    120	   2432	  28768	   7060	All.elf
Finished building: default.size.stdout
 
19:26:53 **** Incremental Build of configuration Debug for project All ****
make -j12 all 
arm-none-eabi-gcc "../Core/Src/Dht11.c" -mcpu=cortex-m4 -std=gnu11 -g3 -DDEBUG -DUSE_HAL_DRIVER -DSTM32L476xx -c -I../Core/Inc -I../Drivers/STM32L4xx_HAL_Driver/Inc -I../Drivers/STM32L4xx_HAL_Driver/Inc/Legacy -I../Drivers/CMSIS/Device/ST/STM32L4xx/Include -I../Drivers/CMSIS/Include -O0 -ffunction-sections -fdata-sections -Wall -fstack-usage -MMD -MP -MF"Core/Src/Dht11.d" -MT"Core/Src/Dht11.o" --specs=nano.specs -mfpu=fpv4-sp-d16 -mfloat-abi=hard -mthumb -o "Core/Src/Dht11.o"
arm-none-eabi-gcc "../Core/Src/MyMain.c" -mcpu=cortex-m4 -std=gnu11 -g3 -DDEBUG -DUSE_HAL_DRIVER -DSTM32L476xx -c -I../Core/Inc -I../Drivers/STM32L4xx_HAL_Driver/Inc -I../Drivers/STM32L4xx_HAL_Driver/Inc/Legacy -I../Drivers/CMSIS/Device/ST/STM32L4xx/Include -I../Drivers/CMSIS/Include -O0 -ffunction-sections -fdata-sections -Wall -fstack-usage -MMD -MP -MF"Core/Src/MyMain.d" -MT"Core/Src/MyMain.o" --specs=nano.specs -mfpu=fpv4-sp-d16 -mfloat-abi=hard -mthumb -o "Core/Src/MyMain.o"
../Core/Src/MyMain.c: In function 'myMain':
../Core/Src/MyMain.c:154:3: warning: implicit declaration of function 'printf' [-Wimplicit-function-declaration]
  154 |   printf("humidity = %d.%d temperature = %d.%d\r\n",
      |   ^~~~~~
../Core/Src/MyMain.c:154:3: warning: incompatible implicit declaration of built-in function 'printf'
../Core/Src/MyMain.c:15:1: note: include '<stdio.h>' or provide a declaration of 'printf'
   14 | #include "Dht11.h"
  +++ |+#include <stdio.h>
   15 | 
../Core/Src/MyMain.c:158:3: warning: incompatible implicit declaration of built-in function 'printf'
  158 |   printf("error reading dht11\r\n");
      |   ^~~~~~
../Core/Src/MyMain.c:158:3: note: include '<stdio.h>' or provide a declaration of 'printf'
../Core/Src/Dht11.c:130:16: warning: 'getDHT11Status' defined but not used [-Wunused-function]
  130 | static uint8_t getDHT11Status(Dht11 *dht)
      |                ^~~~~~~~~~~~~~
arm-none-eabi-gcc -o "All.elf" @"objects.list"   -mcpu=cortex-m4 -T"C:\Users\student\STM32CubeIDE\workspace_1.9.0\All\STM32L476RGTX_FLASH.ld" --specs=nosys.specs -Wl,-Map="All.map" -Wl,--gc-sections -static --specs=nano.specs -mfpu=fpv4-sp-d16 -mfloat-abi=hard -mthumb -Wl,--start-group -lc -lm -Wl,--end-group
Finished building target: All.elf
 
arm-none-eabi-size   All.elf 
arm-none-eabi-objdump -h -S  All.elf  > "All.list"
   text	   data	    bss	    dec	    hex	filename
  26188	    120	   2432	  28740	   7044	All.elf
Finished building: default.size.stdout
 
Finished building: All.list
 
19:30:45 **** Incremental Build of configuration Debug for project All ****
make -j12 all 
arm-none-eabi-gcc "../Core/Src/Dht11.c" -mcpu=cortex-m4 -std=gnu11 -g3 -DDEBUG -DUSE_HAL_DRIVER -DSTM32L476xx -c -I../Core/Inc -I../Drivers/STM32L4xx_HAL_Driver/Inc -I../Drivers/STM32L4xx_HAL_Driver/Inc/Legacy -I../Drivers/CMSIS/Device/ST/STM32L4xx/Include -I../Drivers/CMSIS/Include -O0 -ffunction-sections -fdata-sections -Wall -fstack-usage -MMD -MP -MF"Core/Src/Dht11.d" -MT"Core/Src/Dht11.o" --specs=nano.specs -mfpu=fpv4-sp-d16 -mfloat-abi=hard -mthumb -o "Core/Src/Dht11.o"
../Core/Src/Dht11.c:130:16: warning: 'getDHT11Status' defined but not used [-Wunused-function]
  130 | static uint8_t getDHT11Status(Dht11 *dht)
      |                ^~~~~~~~~~~~~~
arm-none-eabi-gcc -o "All.elf" @"objects.list"   -mcpu=cortex-m4 -T"C:\Users\student\STM32CubeIDE\workspace_1.9.0\All\STM32L476RGTX_FLASH.ld" --specs=nosys.specs -Wl,-Map="All.map" -Wl,--gc-sections -static --specs=nano.specs -mfpu=fpv4-sp-d16 -mfloat-abi=hard -mthumb -Wl,--start-group -lc -lm -Wl,--end-group
Finished building target: All.elf
 
arm-none-eabi-size   All.elf 
arm-none-eabi-objdump -h -S  All.elf  > "All.list"
   text	   data	    bss	    dec	    hex	filename
  26188	    120	   2432	  28740	   7044	All.elf
Finished building: default.size.stdout
 
Finished building: All.list
 
19:33:02 **** Incremental Build of configuration Debug for project All ****
make -j12 all 
arm-none-eabi-gcc "../Core/Src/Dht11.c" -mcpu=cortex-m4 -std=gnu11 -g3 -DDEBUG -DUSE_HAL_DRIVER -DSTM32L476xx -c -I../Core/Inc -I../Drivers/STM32L4xx_HAL_Driver/Inc -I../Drivers/STM32L4xx_HAL_Driver/Inc/Legacy -I../Drivers/CMSIS/Device/ST/STM32L4xx/Include -I../Drivers/CMSIS/Include -O0 -ffunction-sections -fdata-sections -Wall -fstack-usage -MMD -MP -MF"Core/Src/Dht11.d" -MT"Core/Src/Dht11.o" --specs=nano.specs -mfpu=fpv4-sp-d16 -mfloat-abi=hard -mthumb -o "Core/Src/Dht11.o"
arm-none-eabi-gcc -o "All.elf" @"objects.list"   -mcpu=cortex-m4 -T"C:\Users\student\STM32CubeIDE\workspace_1.9.0\All\STM32L476RGTX_FLASH.ld" --specs=nosys.specs -Wl,-Map="All.map" -Wl,--gc-sections -static --specs=nano.specs -mfpu=fpv4-sp-d16 -mfloat-abi=hard -mthumb -Wl,--start-group -lc -lm -Wl,--end-group
Finished building target: All.elf
 
arm-none-eabi-size   All.elf 
arm-none-eabi-objdump -h -S  All.elf  > "All.list"
   text	   data	    bss	    dec	    hex	filename
  26188	    120	   2432	  28740	   7044	All.elf
Finished building: default.size.stdout
 
Finished building: All.list
 
19:35:35 **** Incremental Build of configuration Debug for project All ****
make -j12 all 
arm-none-eabi-size   All.elf 
   text	   data	    bss	    dec	    hex	filename
  26188	    120	   2432	  28740	   7044	All.elf
Finished building: default.size.stdout
 
19:42:45 **** Incremental Build of configuration Debug for project All ****
make -j12 all 
arm-none-eabi-gcc "../Core/Src/Dht11.c" -mcpu=cortex-m4 -std=gnu11 -g3 -DDEBUG -DUSE_HAL_DRIVER -DSTM32L476xx -c -I../Core/Inc -I../Drivers/STM32L4xx_HAL_Driver/Inc -I../Drivers/STM32L4xx_HAL_Driver/Inc/Legacy -I../Drivers/CMSIS/Device/ST/STM32L4xx/Include -I../Drivers/CMSIS/Include -O0 -ffunction-sections -fdata-sections -Wall -fstack-usage -MMD -MP -MF"Core/Src/Dht11.d" -MT"Core/Src/Dht11.o" --specs=nano.specs -mfpu=fpv4-sp-d16 -mfloat-abi=hard -mthumb -o "Core/Src/Dht11.o"
arm-none-eabi-gcc -o "All.elf" @"objects.list"   -mcpu=cortex-m4 -T"C:\Users\student\STM32CubeIDE\workspace_1.9.0\All\STM32L476RGTX_FLASH.ld" --specs=nosys.specs -Wl,-Map="All.map" -Wl,--gc-sections -static --specs=nano.specs -mfpu=fpv4-sp-d16 -mfloat-abi=hard -mthumb -Wl,--start-group -lc -lm -Wl,--end-group
Finished building target: All.elf
 
arm-none-eabi-size   All.elf 
arm-none-eabi-objdump -h -S  All.elf  > "All.list"
   text	   data	    bss	    dec	    hex	filename
  26188	    120	   2432	  28740	   7044	All.elf
Finished building: default.size.stdout
 
Finished building: All.list
 
19:45:37 **** Incremental Build of configuration Debug for project All ****
make -j12 all 
arm-none-eabi-gcc "../Core/Src/Dht11.c" -mcpu=cortex-m4 -std=gnu11 -g3 -DDEBUG -DUSE_HAL_DRIVER -DSTM32L476xx -c -I../Core/Inc -I../Drivers/STM32L4xx_HAL_Driver/Inc -I../Drivers/STM32L4xx_HAL_Driver/Inc/Legacy -I../Drivers/CMSIS/Device/ST/STM32L4xx/Include -I../Drivers/CMSIS/Include -O0 -ffunction-sections -fdata-sections -Wall -fstack-usage -MMD -MP -MF"Core/Src/Dht11.d" -MT"Core/Src/Dht11.o" --specs=nano.specs -mfpu=fpv4-sp-d16 -mfloat-abi=hard -mthumb -o "Core/Src/Dht11.o"
arm-none-eabi-gcc -o "All.elf" @"objects.list"   -mcpu=cortex-m4 -T"C:\Users\student\STM32CubeIDE\workspace_1.9.0\All\STM32L476RGTX_FLASH.ld" --specs=nosys.specs -Wl,-Map="All.map" -Wl,--gc-sections -static --specs=nano.specs -mfpu=fpv4-sp-d16 -mfloat-abi=hard -mthumb -Wl,--start-group -lc -lm -Wl,--end-group
Finished building target: All.elf
 
arm-none-eabi-size   All.elf 
arm-none-eabi-objdump -h -S  All.elf  > "All.list"
   text	   data	    bss	    dec	    hex	filename
  26188	    120	   2432	  28740	   7044	All.elf
Finished building: default.size.stdout
 
Finished building: All.list
 
19:46:53 **** Incremental Build of configuration Debug for project All ****
make -j12 all 
arm-none-eabi-gcc "../Core/Src/Dht11.c" -mcpu=cortex-m4 -std=gnu11 -g3 -DDEBUG -DUSE_HAL_DRIVER -DSTM32L476xx -c -I../Core/Inc -I../Drivers/STM32L4xx_HAL_Driver/Inc -I../Drivers/STM32L4xx_HAL_Driver/Inc/Legacy -I../Drivers/CMSIS/Device/ST/STM32L4xx/Include -I../Drivers/CMSIS/Include -O0 -ffunction-sections -fdata-sections -Wall -fstack-usage -MMD -MP -MF"Core/Src/Dht11.d" -MT"Core/Src/Dht11.o" --specs=nano.specs -mfpu=fpv4-sp-d16 -mfloat-abi=hard -mthumb -o "Core/Src/Dht11.o"
arm-none-eabi-gcc -o "All.elf" @"objects.list"   -mcpu=cortex-m4 -T"C:\Users\student\STM32CubeIDE\workspace_1.9.0\All\STM32L476RGTX_FLASH.ld" --specs=nosys.specs -Wl,-Map="All.map" -Wl,--gc-sections -static --specs=nano.specs -mfpu=fpv4-sp-d16 -mfloat-abi=hard -mthumb -Wl,--start-group -lc -lm -Wl,--end-group
Finished building target: All.elf
 
arm-none-eabi-size   All.elf 
arm-none-eabi-objdump -h -S  All.elf  > "All.list"
   text	   data	    bss	    dec	    hex	filename
  26192	    120	   2432	  28744	   7048	All.elf
Finished building: default.size.stdout
 
Finished building: All.list
 
19:48:07 **** Incremental Build of configuration Debug for project All ****
make -j12 all 
arm-none-eabi-gcc "../Core/Src/Dht11.c" -mcpu=cortex-m4 -std=gnu11 -g3 -DDEBUG -DUSE_HAL_DRIVER -DSTM32L476xx -c -I../Core/Inc -I../Drivers/STM32L4xx_HAL_Driver/Inc -I../Drivers/STM32L4xx_HAL_Driver/Inc/Legacy -I../Drivers/CMSIS/Device/ST/STM32L4xx/Include -I../Drivers/CMSIS/Include -O0 -ffunction-sections -fdata-sections -Wall -fstack-usage -MMD -MP -MF"Core/Src/Dht11.d" -MT"Core/Src/Dht11.o" --specs=nano.specs -mfpu=fpv4-sp-d16 -mfloat-abi=hard -mthumb -o "Core/Src/Dht11.o"
arm-none-eabi-gcc -o "All.elf" @"objects.list"   -mcpu=cortex-m4 -T"C:\Users\student\STM32CubeIDE\workspace_1.9.0\All\STM32L476RGTX_FLASH.ld" --specs=nosys.specs -Wl,-Map="All.map" -Wl,--gc-sections -static --specs=nano.specs -mfpu=fpv4-sp-d16 -mfloat-abi=hard -mthumb -Wl,--start-group -lc -lm -Wl,--end-group
Finished building target: All.elf
 
arm-none-eabi-size   All.elf 
arm-none-eabi-objdump -h -S  All.elf  > "All.list"
   text	   data	    bss	    dec	    hex	filename
  26192	    120	   2432	  28744	   7048	All.elf
Finished building: default.size.stdout
 
Finished building: All.list
 
19:50:07 **** Incremental Build of configuration Debug for project All ****
make -j12 all 
arm-none-eabi-gcc "../Core/Src/Dht11.c" -mcpu=cortex-m4 -std=gnu11 -g3 -DDEBUG -DUSE_HAL_DRIVER -DSTM32L476xx -c -I../Core/Inc -I../Drivers/STM32L4xx_HAL_Driver/Inc -I../Drivers/STM32L4xx_HAL_Driver/Inc/Legacy -I../Drivers/CMSIS/Device/ST/STM32L4xx/Include -I../Drivers/CMSIS/Include -O0 -ffunction-sections -fdata-sections -Wall -fstack-usage -MMD -MP -MF"Core/Src/Dht11.d" -MT"Core/Src/Dht11.o" --specs=nano.specs -mfpu=fpv4-sp-d16 -mfloat-abi=hard -mthumb -o "Core/Src/Dht11.o"
arm-none-eabi-gcc -o "All.elf" @"objects.list"   -mcpu=cortex-m4 -T"C:\Users\student\STM32CubeIDE\workspace_1.9.0\All\STM32L476RGTX_FLASH.ld" --specs=nosys.specs -Wl,-Map="All.map" -Wl,--gc-sections -static --specs=nano.specs -mfpu=fpv4-sp-d16 -mfloat-abi=hard -mthumb -Wl,--start-group -lc -lm -Wl,--end-group
Finished building target: All.elf
 
arm-none-eabi-size   All.elf 
arm-none-eabi-objdump -h -S  All.elf  > "All.list"
   text	   data	    bss	    dec	    hex	filename
  26192	    120	   2432	  28744	   7048	All.elf
Finished building: default.size.stdout
 
Finished building: All.list
 
19:50:28 **** Incremental Build of configuration Debug for project All ****
make -j12 all 
arm-none-eabi-size   All.elf 
   text	   data	    bss	    dec	    hex	filename
  26192	    120	   2432	  28744	   7048	All.elf
Finished building: default.size.stdout
 
19:51:36 **** Incremental Build of configuration Debug for project All ****
make -j12 all 
arm-none-eabi-gcc "../Core/Src/Dht11.c" -mcpu=cortex-m4 -std=gnu11 -g3 -DDEBUG -DUSE_HAL_DRIVER -DSTM32L476xx -c -I../Core/Inc -I../Drivers/STM32L4xx_HAL_Driver/Inc -I../Drivers/STM32L4xx_HAL_Driver/Inc/Legacy -I../Drivers/CMSIS/Device/ST/STM32L4xx/Include -I../Drivers/CMSIS/Include -O0 -ffunction-sections -fdata-sections -Wall -fstack-usage -MMD -MP -MF"Core/Src/Dht11.d" -MT"Core/Src/Dht11.o" --specs=nano.specs -mfpu=fpv4-sp-d16 -mfloat-abi=hard -mthumb -o "Core/Src/Dht11.o"
arm-none-eabi-gcc -o "All.elf" @"objects.list"   -mcpu=cortex-m4 -T"C:\Users\student\STM32CubeIDE\workspace_1.9.0\All\STM32L476RGTX_FLASH.ld" --specs=nosys.specs -Wl,-Map="All.map" -Wl,--gc-sections -static --specs=nano.specs -mfpu=fpv4-sp-d16 -mfloat-abi=hard -mthumb -Wl,--start-group -lc -lm -Wl,--end-group
Finished building target: All.elf
 
arm-none-eabi-size   All.elf 
arm-none-eabi-objdump -h -S  All.elf  > "All.list"
   text	   data	    bss	    dec	    hex	filename
  26192	    120	   2432	  28744	   7048	All.elf
Finished building: default.size.stdout
 
Finished building: All.list
 
19:52:39 **** Incremental Build of configuration Debug for project All ****
make -j12 all 
arm-none-eabi-size   All.elf 
   text	   data	    bss	    dec	    hex	filename
  26192	    120	   2432	  28744	   7048	All.elf
Finished building: default.size.stdout
 
20:01:28 **** Incremental Build of configuration Debug for project All ****
make -j12 all 
arm-none-eabi-gcc "../Core/Src/Dht11.c" -mcpu=cortex-m4 -std=gnu11 -g3 -DDEBUG -DUSE_HAL_DRIVER -DSTM32L476xx -c -I../Core/Inc -I../Drivers/STM32L4xx_HAL_Driver/Inc -I../Drivers/STM32L4xx_HAL_Driver/Inc/Legacy -I../Drivers/CMSIS/Device/ST/STM32L4xx/Include -I../Drivers/CMSIS/Include -O0 -ffunction-sections -fdata-sections -Wall -fstack-usage -MMD -MP -MF"Core/Src/Dht11.d" -MT"Core/Src/Dht11.o" --specs=nano.specs -mfpu=fpv4-sp-d16 -mfloat-abi=hard -mthumb -o "Core/Src/Dht11.o"
arm-none-eabi-gcc -o "All.elf" @"objects.list"   -mcpu=cortex-m4 -T"C:\Users\student\STM32CubeIDE\workspace_1.9.0\All\STM32L476RGTX_FLASH.ld" --specs=nosys.specs -Wl,-Map="All.map" -Wl,--gc-sections -static --specs=nano.specs -mfpu=fpv4-sp-d16 -mfloat-abi=hard -mthumb -Wl,--start-group -lc -lm -Wl,--end-group
Finished building target: All.elf
 
arm-none-eabi-size   All.elf 
arm-none-eabi-objdump -h -S  All.elf  > "All.list"
   text	   data	    bss	    dec	    hex	filename
  26192	    120	   2432	  28744	   7048	All.elf
Finished building: default.size.stdout
 
Finished building: All.list
 
20:07:54 **** Incremental Build of configuration Debug for project All ****
make -j12 all 
arm-none-eabi-gcc "../Core/Src/Dht11.c" -mcpu=cortex-m4 -std=gnu11 -g3 -DDEBUG -DUSE_HAL_DRIVER -DSTM32L476xx -c -I../Core/Inc -I../Drivers/STM32L4xx_HAL_Driver/Inc -I../Drivers/STM32L4xx_HAL_Driver/Inc/Legacy -I../Drivers/CMSIS/Device/ST/STM32L4xx/Include -I../Drivers/CMSIS/Include -O0 -ffunction-sections -fdata-sections -Wall -fstack-usage -MMD -MP -MF"Core/Src/Dht11.d" -MT"Core/Src/Dht11.o" --specs=nano.specs -mfpu=fpv4-sp-d16 -mfloat-abi=hard -mthumb -o "Core/Src/Dht11.o"
arm-none-eabi-gcc -o "All.elf" @"objects.list"   -mcpu=cortex-m4 -T"C:\Users\student\STM32CubeIDE\workspace_1.9.0\All\STM32L476RGTX_FLASH.ld" --specs=nosys.specs -Wl,-Map="All.map" -Wl,--gc-sections -static --specs=nano.specs -mfpu=fpv4-sp-d16 -mfloat-abi=hard -mthumb -Wl,--start-group -lc -lm -Wl,--end-group
Finished building target: All.elf
 
arm-none-eabi-size   All.elf 
arm-none-eabi-objdump -h -S  All.elf  > "All.list"
   text	   data	    bss	    dec	    hex	filename
  26192	    120	   2432	  28744	   7048	All.elf
Finished building: default.size.stdout
 
Finished building: All.list
 
20:09:54 **** Incremental Build of configuration Debug for project All ****
make -j12 all 
arm-none-eabi-gcc "../Core/Src/MyMain.c" -mcpu=cortex-m4 -std=gnu11 -g3 -DDEBUG -DUSE_HAL_DRIVER -DSTM32L476xx -c -I../Core/Inc -I../Drivers/STM32L4xx_HAL_Driver/Inc -I../Drivers/STM32L4xx_HAL_Driver/Inc/Legacy -I../Drivers/CMSIS/Device/ST/STM32L4xx/Include -I../Drivers/CMSIS/Include -O0 -ffunction-sections -fdata-sections -Wall -fstack-usage -MMD -MP -MF"Core/Src/MyMain.d" -MT"Core/Src/MyMain.o" --specs=nano.specs -mfpu=fpv4-sp-d16 -mfloat-abi=hard -mthumb -o "Core/Src/MyMain.o"
../Core/Src/MyMain.c: In function 'myMain':
../Core/Src/MyMain.c:149:2: warning: implicit declaration of function 'printf' [-Wimplicit-function-declaration]
  149 |  printf("humidity = %d.%d temperature = %d.%d\r\n",
      |  ^~~~~~
../Core/Src/MyMain.c:149:2: warning: incompatible implicit declaration of built-in function 'printf'
../Core/Src/MyMain.c:15:1: note: include '<stdio.h>' or provide a declaration of 'printf'
   14 | #include "Dht11.h"
  +++ |+#include <stdio.h>
   15 | 
arm-none-eabi-gcc -o "All.elf" @"objects.list"   -mcpu=cortex-m4 -T"C:\Users\student\STM32CubeIDE\workspace_1.9.0\All\STM32L476RGTX_FLASH.ld" --specs=nosys.specs -Wl,-Map="All.map" -Wl,--gc-sections -static --specs=nano.specs -mfpu=fpv4-sp-d16 -mfloat-abi=hard -mthumb -Wl,--start-group -lc -lm -Wl,--end-group
Finished building target: All.elf
 
arm-none-eabi-size   All.elf 
arm-none-eabi-objdump -h -S  All.elf  > "All.list"
   text	   data	    bss	    dec	    hex	filename
  26224	    120	   2432	  28776	   7068	All.elf
Finished building: default.size.stdout
 
Finished building: All.list
 
20:10:44 **** Incremental Build of configuration Debug for project All ****
make -j12 all 
arm-none-eabi-gcc "../Core/Src/Dht11.c" -mcpu=cortex-m4 -std=gnu11 -g3 -DDEBUG -DUSE_HAL_DRIVER -DSTM32L476xx -c -I../Core/Inc -I../Drivers/STM32L4xx_HAL_Driver/Inc -I../Drivers/STM32L4xx_HAL_Driver/Inc/Legacy -I../Drivers/CMSIS/Device/ST/STM32L4xx/Include -I../Drivers/CMSIS/Include -O0 -ffunction-sections -fdata-sections -Wall -fstack-usage -MMD -MP -MF"Core/Src/Dht11.d" -MT"Core/Src/Dht11.o" --specs=nano.specs -mfpu=fpv4-sp-d16 -mfloat-abi=hard -mthumb -o "Core/Src/Dht11.o"
arm-none-eabi-gcc -o "All.elf" @"objects.list"   -mcpu=cortex-m4 -T"C:\Users\student\STM32CubeIDE\workspace_1.9.0\All\STM32L476RGTX_FLASH.ld" --specs=nosys.specs -Wl,-Map="All.map" -Wl,--gc-sections -static --specs=nano.specs -mfpu=fpv4-sp-d16 -mfloat-abi=hard -mthumb -Wl,--start-group -lc -lm -Wl,--end-group
Finished building target: All.elf
 
arm-none-eabi-size   All.elf 
arm-none-eabi-objdump -h -S  All.elf  > "All.list"
   text	   data	    bss	    dec	    hex	filename
  26224	    120	   2432	  28776	   7068	All.elf
Finished building: default.size.stdout
 
Finished building: All.list
 
20:12:50 **** Incremental Build of configuration Debug for project All ****
make -j12 all 
arm-none-eabi-gcc "../Core/Src/MyMain.c" -mcpu=cortex-m4 -std=gnu11 -g3 -DDEBUG -DUSE_HAL_DRIVER -DSTM32L476xx -c -I../Core/Inc -I../Drivers/STM32L4xx_HAL_Driver/Inc -I../Drivers/STM32L4xx_HAL_Driver/Inc/Legacy -I../Drivers/CMSIS/Device/ST/STM32L4xx/Include -I../Drivers/CMSIS/Include -O0 -ffunction-sections -fdata-sections -Wall -fstack-usage -MMD -MP -MF"Core/Src/MyMain.d" -MT"Core/Src/MyMain.o" --specs=nano.specs -mfpu=fpv4-sp-d16 -mfloat-abi=hard -mthumb -o "Core/Src/MyMain.o"
../Core/Src/MyMain.c: In function 'myMain':
../Core/Src/MyMain.c:149:2: warning: implicit declaration of function 'printf' [-Wimplicit-function-declaration]
  149 |  printf("humidity = %d.%d temperature = %d.%d %d\r\n",
      |  ^~~~~~
../Core/Src/MyMain.c:149:2: warning: incompatible implicit declaration of built-in function 'printf'
../Core/Src/MyMain.c:15:1: note: include '<stdio.h>' or provide a declaration of 'printf'
   14 | #include "Dht11.h"
  +++ |+#include <stdio.h>
   15 | 
arm-none-eabi-gcc -o "All.elf" @"objects.list"   -mcpu=cortex-m4 -T"C:\Users\student\STM32CubeIDE\workspace_1.9.0\All\STM32L476RGTX_FLASH.ld" --specs=nosys.specs -Wl,-Map="All.map" -Wl,--gc-sections -static --specs=nano.specs -mfpu=fpv4-sp-d16 -mfloat-abi=hard -mthumb -Wl,--start-group -lc -lm -Wl,--end-group
Finished building target: All.elf
 
arm-none-eabi-size   All.elf 
arm-none-eabi-objdump -h -S  All.elf  > "All.list"
   text	   data	    bss	    dec	    hex	filename
  26284	    120	   2432	  28836	   70a4	All.elf
Finished building: default.size.stdout
 
Finished building: All.list
 
20:13:59 **** Incremental Build of configuration Debug for project All ****
make -j12 all 
arm-none-eabi-gcc "../Core/Src/Dht11.c" -mcpu=cortex-m4 -std=gnu11 -g3 -DDEBUG -DUSE_HAL_DRIVER -DSTM32L476xx -c -I../Core/Inc -I../Drivers/STM32L4xx_HAL_Driver/Inc -I../Drivers/STM32L4xx_HAL_Driver/Inc/Legacy -I../Drivers/CMSIS/Device/ST/STM32L4xx/Include -I../Drivers/CMSIS/Include -O0 -ffunction-sections -fdata-sections -Wall -fstack-usage -MMD -MP -MF"Core/Src/Dht11.d" -MT"Core/Src/Dht11.o" --specs=nano.specs -mfpu=fpv4-sp-d16 -mfloat-abi=hard -mthumb -o "Core/Src/Dht11.o"
arm-none-eabi-gcc -o "All.elf" @"objects.list"   -mcpu=cortex-m4 -T"C:\Users\student\STM32CubeIDE\workspace_1.9.0\All\STM32L476RGTX_FLASH.ld" --specs=nosys.specs -Wl,-Map="All.map" -Wl,--gc-sections -static --specs=nano.specs -mfpu=fpv4-sp-d16 -mfloat-abi=hard -mthumb -Wl,--start-group -lc -lm -Wl,--end-group
Finished building target: All.elf
 
arm-none-eabi-size   All.elf 
arm-none-eabi-objdump -h -S  All.elf  > "All.list"
   text	   data	    bss	    dec	    hex	filename
  26284	    120	   2432	  28836	   70a4	All.elf
Finished building: default.size.stdout
 
Finished building: All.list
 
20:38:13 **** Incremental Build of configuration Debug for project All ****
make -j12 all 
arm-none-eabi-gcc "../Core/Src/Dht11.c" -mcpu=cortex-m4 -std=gnu11 -g3 -DDEBUG -DUSE_HAL_DRIVER -DSTM32L476xx -c -I../Core/Inc -I../Drivers/STM32L4xx_HAL_Driver/Inc -I../Drivers/STM32L4xx_HAL_Driver/Inc/Legacy -I../Drivers/CMSIS/Device/ST/STM32L4xx/Include -I../Drivers/CMSIS/Include -O0 -ffunction-sections -fdata-sections -Wall -fstack-usage -MMD -MP -MF"Core/Src/Dht11.d" -MT"Core/Src/Dht11.o" --specs=nano.specs -mfpu=fpv4-sp-d16 -mfloat-abi=hard -mthumb -o "Core/Src/Dht11.o"
arm-none-eabi-gcc -o "All.elf" @"objects.list"   -mcpu=cortex-m4 -T"C:\Users\student\STM32CubeIDE\workspace_1.9.0\All\STM32L476RGTX_FLASH.ld" --specs=nosys.specs -Wl,-Map="All.map" -Wl,--gc-sections -static --specs=nano.specs -mfpu=fpv4-sp-d16 -mfloat-abi=hard -mthumb -Wl,--start-group -lc -lm -Wl,--end-group
Finished building target: All.elf
 
arm-none-eabi-size   All.elf 
arm-none-eabi-objdump -h -S  All.elf  > "All.list"
   text	   data	    bss	    dec	    hex	filename
  26308	    120	   2432	  28860	   70bc	All.elf
Finished building: default.size.stdout
 
Finished building: All.list
 
20:42:35 **** Incremental Build of configuration Debug for project All ****
make -j12 all 
arm-none-eabi-gcc "../Core/Src/Dht11.c" -mcpu=cortex-m4 -std=gnu11 -g3 -DDEBUG -DUSE_HAL_DRIVER -DSTM32L476xx -c -I../Core/Inc -I../Drivers/STM32L4xx_HAL_Driver/Inc -I../Drivers/STM32L4xx_HAL_Driver/Inc/Legacy -I../Drivers/CMSIS/Device/ST/STM32L4xx/Include -I../Drivers/CMSIS/Include -O0 -ffunction-sections -fdata-sections -Wall -fstack-usage -MMD -MP -MF"Core/Src/Dht11.d" -MT"Core/Src/Dht11.o" --specs=nano.specs -mfpu=fpv4-sp-d16 -mfloat-abi=hard -mthumb -o "Core/Src/Dht11.o"
arm-none-eabi-gcc -o "All.elf" @"objects.list"   -mcpu=cortex-m4 -T"C:\Users\student\STM32CubeIDE\workspace_1.9.0\All\STM32L476RGTX_FLASH.ld" --specs=nosys.specs -Wl,-Map="All.map" -Wl,--gc-sections -static --specs=nano.specs -mfpu=fpv4-sp-d16 -mfloat-abi=hard -mthumb -Wl,--start-group -lc -lm -Wl,--end-group
Finished building target: All.elf
 
arm-none-eabi-size   All.elf 
arm-none-eabi-objdump -h -S  All.elf  > "All.list"
   text	   data	    bss	    dec	    hex	filename
  26308	    120	   2432	  28860	   70bc	All.elf
Finished building: default.size.stdout
 
Finished building: All.list
 
