17:06:15 **** Incremental Build of configuration Debug for project OneAppWithAllTask ****
make -j12 all 
arm-none-eabi-gcc "../Core/Src/clock.c" -mcpu=cortex-m4 -std=gnu11 -g3 -DDEBUG -DUSE_HAL_DRIVER -DSTM32L476xx -c -I../Core/Inc -I../Drivers/STM32L4xx_HAL_Driver/Inc -I../Drivers/STM32L4xx_HAL_Driver/Inc/Legacy -I../Drivers/CMSIS/Device/ST/STM32L4xx/Include -I../Drivers/CMSIS/Include -O0 -ffunction-sections -fdata-sections -Wall -fstack-usage -MMD -MP -MF"Core/Src/clock.d" -MT"Core/Src/clock.o" --specs=nano.specs -mfpu=fpv4-sp-d16 -mfloat-abi=hard -mthumb -o "Core/Src/clock.o"
arm-none-eabi-gcc -o "OneAppWithAllTask.elf" @"objects.list"   -mcpu=cortex-m4 -T"C:\Users\student\STM32CubeIDE\workspace_1.9.0\OneAppWithAllTask\STM32L476RGTX_FLASH.ld" --specs=nosys.specs -Wl,-Map="OneAppWithAllTask.map" -Wl,--gc-sections -static --specs=nano.specs -mfpu=fpv4-sp-d16 -mfloat-abi=hard -mthumb -Wl,--start-group -lc -lm -Wl,--end-group
Finished building target: OneAppWithAllTask.elf
 
arm-none-eabi-size   OneAppWithAllTask.elf 
arm-none-eabi-objdump -h -S  OneAppWithAllTask.elf  > "OneAppWithAllTask.list"
   text	   data	    bss	    dec	    hex	filename
  23744	    120	   2008	  25872	   6510	OneAppWithAllTask.elf
Finished building: default.size.stdout
 
Finished building: OneAppWithAllTask.list
 

17:06:18 Build Finished. 0 errors, 0 warnings. (took 3s.656ms)

