20:29:37 **** Incremental Build of configuration Debug for project Task23 ****
make -j12 all 
arm-none-eabi-gcc "../Core/Src/rtc.c" -mcpu=cortex-m4 -std=gnu11 -g3 -DDEBUG -DUSE_HAL_DRIVER -DSTM32L476xx -c -I../Core/Inc -I../Drivers/STM32L4xx_HAL_Driver/Inc -I../Drivers/STM32L4xx_HAL_Driver/Inc/Legacy -I../Drivers/CMSIS/Device/ST/STM32L4xx/Include -I../Drivers/CMSIS/Include -O0 -ffunction-sections -fdata-sections -Wall -fstack-usage -MMD -MP -MF"Core/Src/rtc.d" -MT"Core/Src/rtc.o" --specs=nano.specs -mfpu=fpv4-sp-d16 -mfloat-abi=hard -mthumb -o "Core/Src/rtc.o"
arm-none-eabi-gcc -o "Task23.elf" @"objects.list"   -mcpu=cortex-m4 -T"C:\Users\student\STM32CubeIDE\workspace_1.9.0\Task23\STM32L476RGTX_FLASH.ld" --specs=nosys.specs -Wl,-Map="Task23.map" -Wl,--gc-sections -static --specs=nano.specs -mfpu=fpv4-sp-d16 -mfloat-abi=hard -mthumb -Wl,--start-group -lc -lm -Wl,--end-group
Finished building target: Task23.elf
 
arm-none-eabi-size   Task23.elf 
arm-none-eabi-objdump -h -S  Task23.elf  > "Task23.list"
   text	   data	    bss	    dec	    hex	filename
  34772	    120	   2072	  36964	   9064	Task23.elf
Finished building: default.size.stdout
 
Finished building: Task23.list
 

20:29:38 Build Finished. 0 errors, 0 warnings. (took 1s.54ms)

