20:03:38 **** Incremental Build of configuration Debug for project task22 ****
make -j12 all 
arm-none-eabi-gcc "../Core/Src/main.c" -mcpu=cortex-m4 -std=gnu11 -g3 -DDEBUG -DUSE_HAL_DRIVER -DSTM32L476xx -c -I../Core/Inc -I../Drivers/STM32L4xx_HAL_Driver/Inc -I../Drivers/STM32L4xx_HAL_Driver/Inc/Legacy -I../Drivers/CMSIS/Device/ST/STM32L4xx/Include -I../Drivers/CMSIS/Include -O0 -ffunction-sections -fdata-sections -Wall -fstack-usage -MMD -MP -MF"Core/Src/main.d" -MT"Core/Src/main.o" --specs=nano.specs -mfpu=fpv4-sp-d16 -mfloat-abi=hard -mthumb -o "Core/Src/main.o"
arm-none-eabi-gcc -o "task22.elf" @"objects.list"   -mcpu=cortex-m4 -T"C:\Users\student\STM32CubeIDE\workspace_1.9.0\task22\STM32L476RGTX_FLASH.ld" --specs=nosys.specs -Wl,-Map="task22.map" -Wl,--gc-sections -static --specs=nano.specs -mfpu=fpv4-sp-d16 -mfloat-abi=hard -mthumb -Wl,--start-group -lc -lm -Wl,--end-group
Finished building target: task22.elf
 
arm-none-eabi-size   task22.elf 
arm-none-eabi-objdump -h -S  task22.elf  > "task22.list"
   text	   data	    bss	    dec	    hex	filename
  21088	    120	   1880	  23088	   5a30	task22.elf
Finished building: default.size.stdout
 
Finished building: task22.list
 

20:03:39 Build Finished. 0 errors, 0 warnings. (took 1s.233ms)

