../Core/Src/main.c:80:6:ledTask	8	static
../Core/Src/main.c:96:6:ledStart	16	static
../Core/Src/main.c:102:6:ledStop	8	static
../Core/Src/main.c:117:5:commTask	16	static
../Core/Src/main.c:155:6:handleCommand	40	static
../Core/Src/main.c:188:5:main	8	static
../Core/Src/main.c:345:6:SystemClock_Config	96	static
../Core/Src/main.c:395:13:MX_USART2_UART_Init	8	static
../Core/Src/main.c:430:13:MX_GPIO_Init	48	static
../Core/Src/main.c:459:1:__io_putchar	16	static
../Core/Src/main.c:474:6:Error_Handler	4	static,ignoring_inline_asm
